
# 0x80000000 - 0xFFFFFFFF Kernel
# 0x70100000 - 0x7FFFFFFF Thread 0 Stack
# 0x70000000 - 0x700FFFFF Linker
# 0x60000000 - 0x6FFFFFFF Thread Stacks
# 0x40000000 - 0x5FFFFFFF mmap'd stuff
# 0x30000000 - 0x3FFFFFFF Prelinked System Libraries
# 0x20000000 - 0x2FFFFFFF Prelinked App Libraries
# 0x10000000 - 0x1FFFFFFF Non-prelinked Libraries
# 0x00000000 - 0x0FFFFFFF .text / .data / heap

# core system libraries
libdl.so                0x3FF00000
libc.so                 0x3FE00000
libstdc++.so            0x3FD00000
libm.so                 0x3FC00000
liblog.so               0x3FBC0000
libcutils.so            0x3FB00000
libthread_db.so         0x3FA00000
libz.so                 0x3F900000
libevent.so             0x3F800000
libssl.so               0x3F700000
libcrypto.so            0x3F500000
libsysutils.so          0x3F400000

# bluetooth
liba2dp.so              0x3EE00000
audio.so                0x3ED00000
input.so                0x3EC00000
libhcid.so              0x3EB00000
libbluedroid.so         0x3EA00000
libbluetooth.so         0x3E900000
libdbus.so              0x3E800000

# extended system libraries
libril.so               0x3E400000
libreference-ril.so     0x3E000000
libwpa_client.so        0x3DC00000
libnetutils.so          0x3DB00000

# core dalvik runtime support
libandroid_servers.so   0x3D900000
#libicudata.so           0x3D600000
libicuuc.so             0x3D500000
libicui18n.so           0x3D400000
libandroid_runtime.so   0x3D300000
libnativehelper.so      0x3D200000
libdvm-ARM.so           0x3D100000
libdvm.so               0x3D000000

# graphics
libpixelflinger.so      0x3CF00000
libcorecg.so            0x3CE00000
libsurfaceflinger.so    0x3CD00000
libagl.so               0x3CC00000

libGLESv1_CM.so         0x3CB00000
libGLESv2.so            0x3CA00000
libOpenVG_CM.so         0x3C900000
libOpenVGU_CM.so        0x3C800000
libEGL.so               0x3C700000

libexif.so              0x3C500000
libui.so                0x3C400000
libsgl.so               0x3C000000

# audio
libspeech.so            0x3B800000
libaudio.so             0x3B700000
libsonivox.so           0x3B600000
libsoundpool.so         0x3B500000
libvorbisidec.so        0x3B400000
libmedia_jni.so         0x3B300000
libmediaplayerservice.so 0x3B280000
libmedia.so             0x3B200000
libFFTEm.so             0x3B100000
libaudioflinger.so      0x3B000000

# assorted system libraries
libsqlite.so            0x3AC00000
libexpat.so             0x3AB00000
libwebcore.so           0x3A000000
libutils.so             0x39D00000
libcameraservice.so     0x39C80000
libhardware.so          0x39C70000
libhardware_legacy.so   0x39C00000
libapp_process.so       0x39B00000
libsystem_server.so     0x39A00000
libime.so               0x39800000
libgps.so               0x39700000
libcamera.so            0x39680000
libqcamera.so           0x39400000

# pv libraries
libpvasf.so                    0x37C26000
libpvasfreg.so                 0x37C00000
libomx_sharedlibrary.so        0x37BA0000
libopencore_download.so        0x37B40000
libopencore_downloadreg.so     0x37B00000
libopencore_net_support.so     0x37A00000
libopencore_rtsp.so            0x37900000
libopencore_rtspreg.so         0x37890000
libopencore_author.so          0x37800000
libomx_aacdec_sharedlibrary.so 0x37700000
libomx_amrdec_sharedlibrary.so 0x376A0000
libomx_amrenc_sharedlibrary.so 0x37680000
libomx_avcdec_sharedlibrary.so 0x37660000
libomx_avcenc_sharedlibrary.so 0x37610000
libomx_m4vdec_sharedlibrary.so 0x375C0000
libomx_m4venc_sharedlibrary.so 0x37590000
libomx_mp3dec_sharedlibrary.so 0x37450000
libopencore_mp4local.so        0x37400000
libopencore_mp4localreg.so     0x37300000
libopencore_player.so          0x37000000

# opencore hardware support
libmm-adspsvc.so              0x36FFD000
libOmxCore.so                 0x36FF0000
libOmxMpeg4Dec.so             0x36FC0000
libOmxH264Dec.so              0x36F90000
libOmxVidEnc.so               0x36F60000
libopencorehw.so              0x36F50000

# pv libraries
libopencore_common.so         0x36000000
libqcomm_omx.so               0x35A00000

# libraries for specific apps or temporary libraries
libcam_ipl.so           0x2F000000
libwbxml.so             0x2E800000
libwbxml_jni.so         0x2E400000
libxml2wbxml.so         0x2E000000
libaes.so               0x2DC00000
libdrm1.so              0x2D800000
libdrm1_jni.so          0x2D400000
libwapcore.so           0x2D000000
libstreetview.so        0x2CC00000
libwapbrowsertest.so    0x2C800000
libminiglobe.so         0x2C400000
libearth.so             0x2C000000
libembunit.so           0x2BC00000
libneon.so              0x2B800000
libjni_example.so       0x2B400000
libjni_load_test.so     0x2B000000
libjni_lib_test.so      0x2AC00000
librunperf.so           0x2A800000
libctest.so             0x2A700000
libUAPI_jni.so          0x2A500000
librpc.so               0x2A400000
libtrace_test.so        0x2A300000
libsrec_jni.so          0x2A200000
